
> cuda-webshader@0.1.0 test
> node --test tests/*.test.mjs

✔ AST contains real parsed index/binary/assignment nodes (1.6521ms)
✔ Read-only inference and uniform layout are explicit (2.3226ms)
✔ Parameter names that are WGSL keywords are mangled safely (0.2689ms)
✔ Conditional lowering is lazy rather than select-based (1.4211ms)
✔ Short-circuit boolean guards do not evaluate guarded out-of-bounds loads (0.6137ms)
✔ Global read/write synchronization includes storageBarrier (0.4018ms)
✔ Shared-only synchronization avoids an unnecessary storage barrier (0.351ms)
✔ unsigned multiplication retains 32-bit wrap semantics in oracle (0.6585ms)
✔ Fixed numeric defines can be specialized at compile time (0.3728ms)
✔ C integer index casts and shifts have explicit WGSL types (0.3637ms)
✔ Multiple kernels require an explicit entry selection (0.3793ms)
✔ Serialized artifacts contain no AST and roundtrip as JSON (0.1884ms)
✔ Uniform packing uses f32/i32/u32 little-endian fields (0.2441ms)
✔ Uniform validation rejects {"n":-1} (0.1245ms)
✔ Uniform validation rejects {"n":1.5} (0.0739ms)
✔ Uniform validation rejects {"n":4294967296} (0.0782ms)
✔ Uniform validation rejects {"n":null} (0.0823ms)
✔ Uniform validation rejects {"n":null} (0.0725ms)
✔ Uniform validation rejects {"n":"12"} (0.0799ms)
✔ Uniform validation rejects {"extra":1,"n":2} (0.1582ms)
✔ Uniform validation rejects {} (0.095ms)
✔ Reject unsupported/unsafe source: double pointer (0.1064ms)
✔ Reject unsupported/unsafe source: float3 ABI (0.0919ms)
✔ Reject unsupported/unsafe source: bool ABI (0.0512ms)
✔ Reject unsupported/unsafe source: double literal (0.0703ms)
✔ Reject unsupported/unsafe source: float atomics (0.0899ms)
✔ Reject unsupported/unsafe source: dynamic shared (0.0576ms)
✔ Reject unsupported/unsafe source: local pointer (0.0587ms)
✔ Reject unsupported/unsafe source: unexpanded include (0.1235ms)
✔ Reject unsupported/unsafe source: function macro (0.0322ms)
✔ Reject unsupported/unsafe source: CUDA allocation (0.1466ms)
✔ Reject unsupported/unsafe source: warp shuffle (0.354ms)
✔ Reject unsupported/unsafe source: const write (0.0623ms)
✔ Reject unsupported/unsafe source: pointer arithmetic (0.1289ms)
✔ Reject unsupported/unsafe source: post-increment in expression (0.1018ms)
✔ Reject unsupported/unsafe source: unknown identifier (0.0603ms)
✔ Reject unsupported/unsafe source: recursion (0.0633ms)
✔ Reject unsupported/unsafe source: helper capture (0.0666ms)
✔ Reject unsupported/unsafe source: unsupported vector scalar arithmetic (0.1049ms)
✔ Reject unsupported/unsafe source: invalid break (0.0507ms)
✔ Reject unsupported/unsafe source: void local (0.0393ms)
✔ Reject unsupported/unsafe source: scalar parameter mutation (0.0378ms)
✔ Reject unsupported/unsafe source: malformed comment (0.0339ms)
✔ Reject unsupported/unsafe source: malformed block (0.0347ms)
✔ Reject unsupported/unsafe source: large literal (0.075ms)
✔ Errors carry source line and column (0.1348ms)
✔ Device workgroup/storage limits are enforced before pipeline creation (0.3662ms)
✔ Hexadecimal literals ending in f are integer digits, not float suffixes (0.7138ms)
✔ Signed right shift remains signed with an unsigned shift-count operand (0.658ms)
✔ Failed uniform updates leave the previous byte snapshot unchanged (0.1574ms)
✔ A measured vec4 winner falls back to scalar for tail lengths (0.994ms)
✔ Aligned SAXPY retains measured vec4 workgroup choice (0.4989ms)
✔ Plans reject insufficient source buffers before creating a pipeline (0.3013ms)
✔ Register matrix variant launches in 16x16 output tiles (0.1973ms)
✔ Hierarchical reduction preallocates reusable scratch and chains GPU outputs (0.2339ms)
✔ Reduction n=0 still produces a distinct scalar output (0.1119ms)
✔ Reduction n=1 still produces a distinct scalar output (0.0643ms)
✔ Each encoded scalar version receives a distinct aligned uniform snapshot (2.9221ms)
✔ Repeated unchanged dispatches reuse bindings, pipeline and uniform slot (0.3791ms)
✔ Interleaved recording then out-of-order submission preserves each batch data (0.3511ms)
✔ Invalid scalar updates preserve invocation values and version (0.3507ms)
✔ Writable aliasing across bindings is rejected (0.9314ms)
✔ Destroyed buffers cannot be dispatched (0.2987ms)
✔ Zero workgroup counts are no-ops; oversized counts fail explicitly (0.2584ms)
✔ Submitted/discarded batches cannot be reused (0.2219ms)
✔ An imported buffer is borrowed, not destroyed by runtime cleanup (0.2511ms)
✔ Pipeline cache deduplicates concurrent requests (0.6149ms)
✔ Full uniform arena raises a clear error rather than overwriting an earlier snapshot (0.7399ms)
✔ CPU typed-AST reference: SAXPY n=0 (1.7354ms)
✔ CPU typed-AST reference: SAXPY n=1 (0.9108ms)
✔ CPU typed-AST reference: SAXPY n=2 (0.3123ms)
✔ CPU typed-AST reference: SAXPY n=63 (0.7804ms)
✔ CPU typed-AST reference: SAXPY n=127 (0.5868ms)
✔ CPU typed-AST reference: SAXPY n=128 (0.5788ms)
✔ CPU typed-AST reference: SAXPY n=129 (0.8635ms)
✔ CPU typed-AST reference: SAXPY n=257 (0.8472ms)
✔ CPU typed-AST reference: SAXPY n=1031 (2.6821ms)
✔ CPU typed-AST reference: float4 SAXPY records=0 (0.3443ms)
✔ CPU typed-AST reference: float4 SAXPY records=1 (0.3143ms)
✔ CPU typed-AST reference: float4 SAXPY records=31 (0.4961ms)
✔ CPU typed-AST reference: float4 SAXPY records=128 (1.2195ms)
✔ CPU typed-AST reference: float4 SAXPY records=129 (0.9424ms)
✔ CPU typed-AST reference: float4 SAXPY records=257 (1.6145ms)
✔ CPU typed-AST reference: matmul_naive 1×1×1 (0.5306ms)
✔ CPU typed-AST reference: matmul_tiled 1×1×1 (9.0969ms)
✔ CPU typed-AST reference: matmul_register 1×1×1 (6.4748ms)
✔ CPU typed-AST reference: matmul_naive 3×5×7 (0.2808ms)
✔ CPU typed-AST reference: matmul_tiled 3×5×7 (6.6717ms)
✔ CPU typed-AST reference: matmul_register 3×5×7 (5.9584ms)
✔ CPU typed-AST reference: matmul_naive 16×16×16 (4.2842ms)
✔ CPU typed-AST reference: matmul_tiled 16×16×16 (4.7464ms)
✔ CPU typed-AST reference: matmul_register 16×16×16 (3.8405ms)
✔ CPU typed-AST reference: matmul_naive 17×19×23 (6.8588ms)
✔ CPU typed-AST reference: matmul_tiled 17×19×23 (36.9273ms)
✔ CPU typed-AST reference: matmul_register 17×19×23 (25.1985ms)
✔ CPU typed-AST reference: matmul_naive 31×9×5 (2.0934ms)
✔ CPU typed-AST reference: matmul_tiled 31×9×5 (8.4407ms)
✔ CPU typed-AST reference: matmul_register 31×9×5 (7.1227ms)
✔ CPU typed-AST reference: matmul_naive 0×5×3 (0.1218ms)
✔ CPU typed-AST reference: matmul_tiled 0×5×3 (4.1012ms)
✔ CPU typed-AST reference: matmul_register 0×5×3 (5.1626ms)
✔ CPU typed-AST reference: matmul_naive 5×0×3 (0.2369ms)
✔ CPU typed-AST reference: matmul_tiled 5×0×3 (7.0554ms)
✔ CPU typed-AST reference: matmul_register 5×0×3 (3.028ms)
✔ CPU typed-AST reference: matmul_naive 5×7×0 (0.1524ms)
✔ CPU typed-AST reference: matmul_tiled 5×7×0 (0.4028ms)
✔ CPU typed-AST reference: matmul_register 5×7×0 (0.3212ms)
✔ CPU typed-AST reference: Reduction partials n=0 (1.7033ms)
✔ CPU typed-AST reference: Reduction partials n=1 (1.2333ms)
✔ CPU typed-AST reference: Reduction partials n=2 (0.985ms)
✔ CPU typed-AST reference: Reduction partials n=127 (0.9626ms)
✔ CPU typed-AST reference: Reduction partials n=128 (0.9315ms)
✔ CPU typed-AST reference: Reduction partials n=129 (1.0952ms)
✔ CPU typed-AST reference: Reduction partials n=255 (1.3057ms)
✔ CPU typed-AST reference: Reduction partials n=256 (1.0939ms)
✔ CPU typed-AST reference: Reduction partials n=257 (2.0817ms)
✔ CPU typed-AST reference: Reduction partials n=1031 (4.5778ms)
✔ CPU typed-AST reference: Convolution + halo n=0 (0.5391ms)
✔ CPU typed-AST reference: Convolution + halo n=1 (0.4773ms)
✔ CPU typed-AST reference: Convolution + halo n=2 (0.4621ms)
✔ CPU typed-AST reference: Convolution + halo n=3 (0.3664ms)
✔ CPU typed-AST reference: Convolution + halo n=127 (0.6003ms)
✔ CPU typed-AST reference: Convolution + halo n=128 (0.5564ms)
✔ CPU typed-AST reference: Convolution + halo n=129 (0.7213ms)
✔ CPU typed-AST reference: Convolution + halo n=259 (1.5608ms)
✔ CPU typed-AST reference: Histogram grid-stride n=0 (0.6456ms)
✔ CPU typed-AST reference: Histogram grid-stride n=1 (1.1033ms)
✔ CPU typed-AST reference: Histogram grid-stride n=127 (1.7431ms)
✔ CPU typed-AST reference: Histogram grid-stride n=128 (1.1515ms)
✔ CPU typed-AST reference: Histogram grid-stride n=129 (2.1085ms)
✔ CPU typed-AST reference: Histogram grid-stride n=1031 (4.4872ms)
✔ CPU typed-AST reference: Histogram grid-stride n=4099 (6.6321ms)
✔ CPU typed-AST reference: Transpose 1×1 (2.3307ms)
✔ CPU typed-AST reference: Transpose 7×19 (2.2301ms)
✔ CPU typed-AST reference: Transpose 33×35 (8.9326ms)
✔ CPU typed-AST reference: Transpose 64×9 (4.8604ms)
✔ CPU typed-AST reference: Transpose 0×5 (2.1436ms)
✔ CPU typed-AST reference: Transpose 5×0 (1.7965ms)
✔ CPU typed-AST reference: Particle float4 interop n=1, dt=0.016 (0.9086ms)
✔ CPU typed-AST reference: Particle float4 interop n=17, dt=0.016 (0.8256ms)
✔ CPU typed-AST reference: Particle float4 interop n=129, dt=0.033 (3.1618ms)
✔ CPU typed-AST reference: Particle float4 interop n=17, dt=0 (0.3988ms)
✔ Hierarchical reduction covers several dispatch levels with exact binary-fraction inputs (20.8491ms)
✔ Oracle detects nonuniform barriers (GPU validator remains authoritative) (0.8762ms)
ℹ tests 144
ℹ suites 0
ℹ pass 144
ℹ fail 0
ℹ cancelled 0
ℹ skipped 0
ℹ todo 0
ℹ duration_ms 345.0796
