**********************************************************************
** Visual Studio 2026 Developer Command Prompt v18.8.0
** Copyright (c) 2026 Microsoft Corporation
**********************************************************************
[vcvarsall.bat] Environment initialized for: 'x64'
-- The C compiler identification is MSVC 19.51.36248.0
-- The CXX compiler identification is MSVC 19.51.36248.0
-- The CUDA compiler identification is NVIDIA 13.3.73 with host compiler MSVC 19.51.36248.0
-- Detecting C compiler ABI info
-- Detecting C compiler ABI info - done
-- Check for working C compiler: C:/Program Files/Microsoft Visual Studio/18/Community/VC/Tools/MSVC/14.51.36231/bin/Hostx64/x64/cl.exe - skipped
-- Detecting C compile features
-- Detecting C compile features - done
-- Detecting CXX compiler ABI info
-- Detecting CXX compiler ABI info - done
-- Check for working CXX compiler: C:/Program Files/Microsoft Visual Studio/18/Community/VC/Tools/MSVC/14.51.36231/bin/Hostx64/x64/cl.exe - skipped
-- Detecting CXX compile features
-- Detecting CXX compile features - done
-- Detecting CUDA compiler ABI info
-- Detecting CUDA compiler ABI info - done
-- Check for working CUDA compiler: C:/Program Files/NVIDIA GPU Computing Toolkit/CUDA/v13.3/bin/nvcc.exe - skipped
-- Detecting CUDA compile features
-- Detecting CUDA compile features - done
-- Found CUDAToolkit: C:/Program Files/NVIDIA GPU Computing Toolkit/CUDA/v13.3/include;C:/Program Files/NVIDIA GPU Computing Toolkit/CUDA/v13.3/include/cccl (found version "13.3.73")
-- Found OpenMP_CXX: -openmp (found version "2.0")
-- Found OpenMP: TRUE (found version "2.0") found components: CXX
-- CUDA Samples installation configured:
--   Architecture: amd64
--   OS: windows
--   Build Type: release
--   Install Prefix: D:/cuda-webshader/.local/nvidia-audit-build/bin
--   Install Directory: D:/cuda-webshader/.local/nvidia-audit-build/bin/amd64/windows/release
-- Found OpenMP_C: -openmp (found version "2.0")
-- Found OpenMP_CUDA: -openmp (found version "2.0")
-- Found OpenMP: TRUE (found version "2.0")
-- Found OpenGL: opengl32
-- Found GLUT: D:/cuda-webshader/.local/nvidia-audit/Common/lib/x64/freeglut.lib
-- Performing Test CMAKE_HAVE_LIBC_PTHREAD
-- Performing Test CMAKE_HAVE_LIBC_PTHREAD - Failed
-- Looking for pthread_create in pthreads
-- Looking for pthread_create in pthreads - not found
-- Looking for pthread_create in pthread
-- Looking for pthread_create in pthread - not found
-- Found Threads: TRUE
-- Could NOT find MPI_C (missing: MPI_C_LIB_NAMES MPI_C_HEADER_DIR MPI_C_WORKS) 
-- Could NOT find MPI_CXX (missing: MPI_CXX_LIB_NAMES MPI_CXX_HEADER_DIR MPI_CXX_WORKS) 
-- Could NOT find MPI (missing: MPI_C_FOUND MPI_CXX_FOUND) 
-- MPI not found - will not build sample 'simpleMPI'
-- Will not build sample systemWideAtomics - requires Linux OS
-- Could NOT find EGL (missing: EGL_LIBRARY EGL_INCLUDE_DIR) 
-- Will not build sample EGLStream_CUDA_CrossGPU - requires Linux OS
-- Could NOT find EGL (missing: EGL_LIBRARY EGL_INCLUDE_DIR) 
-- Will not build sample EGLStream_CUDA_Interop - requires Linux OS
-- Will not build sample streamOrderedAllocationIPC - requires Linux OS
-- Will not build sample StreamPriorities - requires Linux OS
-- Skipping dmabufInterop: requires Linux (dma-buf is Linux-only). Found Windows.
-- CPM: Adding package CCCL@3.3.3 (v3.3.3)
-- Finding CCCL components: Thrust;CUB;libcudacxx
-- Found CUB: D:/cuda-webshader/.local/nvidia-audit-build/_deps/cccl-src/lib/cmake/cub/cub-config.cmake (found suitable version "3.3.3.0", minimum required is "3.3.3.0")
-- libcudacxx: - Added CXX compile option for MSVC: /Zc:__cplusplus
-- libcudacxx: - Added CXX compile option for MSVC: /Zc:preprocessor
-- libcudacxx: - Added CUDA host compile option for MSVC: /Zc:__cplusplus
-- libcudacxx: - Added CUDA host compile option for MSVC: /Zc:preprocessor
-- Found libcudacxx: D:/cuda-webshader/.local/nvidia-audit-build/_deps/cccl-src/lib/cmake/libcudacxx/libcudacxx-config.cmake (found suitable exact version "3.3.3.0")
-- Found Thrust: D:/cuda-webshader/.local/nvidia-audit-build/_deps/cccl-src/lib/cmake/thrust/thrust-config.cmake (found suitable exact version "3.3.3.0")
-- Found CCCL: D:/cuda-webshader/.local/nvidia-audit-build/_deps/cccl-src/lib/cmake/cccl/cccl-config.cmake (found version "3.3.3.0")
-- Found libcudacxx: D:/cuda-webshader/.local/nvidia-audit-build/_deps/cccl-src/lib/cmake/libcudacxx/libcudacxx-config.cmake (found version "3.3.3.0")
-- Found CUB: D:/cuda-webshader/.local/nvidia-audit-build/_deps/cccl-src/lib/cmake/cub/cub-config.cmake (found version "3.3.3.0")
-- Found Thrust: D:/cuda-webshader/.local/nvidia-audit-build/_deps/cccl-src/lib/cmake/thrust/thrust-config.cmake (found version "3.3.3.0")
-- Could NOT find NVSCI (missing: NVSCIBUF_LIBRARY NVSCISYNC_LIBRARY NVSCIBUF_INCLUDE_DIR NVSCISYNC_INCLUDE_DIR) 
-- Will not build sample cudaNvSci - requires Linux or QNX
-- CPM: Adding package dlpack@1.3 (v1.3)
-- Populating dlpack
-- Configuring done (0.0s)
-- Generating done (0.0s)
-- Build files have been written to: D:/cuda-webshader/.local/nvidia-audit-build/_deps/dlpack-subbuild
[ 11%] Creating directories for 'dlpack-populate'
[ 22%] Performing download step (git clone) for 'dlpack-populate'
Cloning into 'dlpack-src'...
HEAD is now at 84d107b Update exchange API to be capsule following new convention (#180)
[ 33%] Performing update step for 'dlpack-populate'
-- Already at requested tag: v1.3
[ 44%] No patch step for 'dlpack-populate'
[ 55%] No configure step for 'dlpack-populate'
[ 66%] No build step for 'dlpack-populate'
[ 77%] No install step for 'dlpack-populate'
[ 88%] No test step for 'dlpack-populate'
[100%] Completed 'dlpack-populate'
[100%] Built target dlpack-populate
-- Found Vulkan: C:/VulkanSDK/1.4.357.0/Lib/vulkan-1.lib (found version "1.4.357") found components: glslc glslangValidator
-- Looking for GLFW/glfw3.h
-- Looking for GLFW/glfw3.h - not found
-- glfw3 not found - will not build sample 'simpleVulkan'
-- glfw3 not found - will not build sample 'simpleVulkanMMAP'
-- glfw3 not found - will not build sample 'vulkanImageCUDA'
-- Using CUDA_HOME: C:/Program Files/NVIDIA GPU Computing Toolkit/CUDA/v13.3
-- Using CUDA_LIB:  C:/Program Files/NVIDIA GPU Computing Toolkit/CUDA/v13.3/lib/x64/cuda.lib
-- Using LIBNVVM_HOME: C:/Program Files/NVIDIA GPU Computing Toolkit/CUDA/v13.3/nvvm
-- Using libnvvm header:      C:/Program Files/NVIDIA GPU Computing Toolkit/CUDA/v13.3/nvvm/include/nvvm.h
-- Using libnvvm header path: C:/Program Files/NVIDIA GPU Computing Toolkit/CUDA/v13.3/nvvm/include
-- Using libnvvm library:     C:/Program Files/NVIDIA GPU Computing Toolkit/CUDA/v13.3/nvvm/lib/x64/nvvm.lib
-- Using rpath: C:/Program Files/NVIDIA GPU Computing Toolkit/CUDA/v13.3/nvvm/lib/x64
-- Skipping the build of the cuda-c-linking sample.
-- Configuring done (271.9s)
-- Generating done (1.3s)
-- Build files have been written to: D:/cuda-webshader/.local/nvidia-audit-build
