{
  "adapter": {
    "vendor": "nvidia",
    "architecture": "blackwell",
    "device": "",
    "description": "",
    "features": [
      "core-features-and-limits",
      "timestamp-query"
    ],
    "timestampQuery": true,
    "limits": {
      "maxComputeInvocationsPerWorkgroup": 256,
      "maxComputeWorkgroupStorageSize": 16384,
      "maxStorageBufferBindingSize": 268435456
    }
  },
  "softwareAdapterRequested": false,
  "date": "2026-09-11T22:32:24.251Z",
  "results": [
    {
      "sample": "cpp/0_Introduction/asyncAPI",
      "entry": "increment_kernel",
      "pass": true,
      "values": 256,
      "maxError": 0,
      "failures": 0,
      "output": [
        -9,
        -8,
        -7,
        -6,
        -5,
        -4,
        -3,
        -2,
        -1,
        0,
        1,
        2,
        3,
        4,
        5,
        6,
        7,
        8,
        9,
        10,
        11,
        12,
        13,
        14,
        15,
        16,
        17,
        18,
        19,
        -9,
        -8,
        -7,
        -6,
        -5,
        -4,
        -3,
        -2,
        -1,
        0,
        1,
        2,
        3,
        4,
        5,
        6,
        7,
        8,
        9,
        10,
        11,
        12,
        13,
        14,
        15,
        16,
        17,
        18,
        19,
        -9,
        -8,
        -7,
        -6,
        -5,
        -4,
        -3,
        -2,
        -1,
        0,
        1,
        2,
        3,
        4,
        5,
        6,
        7,
        8,
        9,
        10,
        11,
        12,
        13,
        14,
        15,
        16,
        17,
        18,
        19,
        -9,
        -8,
        -7,
        -6,
        -5,
        -4,
        -3,
        -2,
        -1,
        0,
        1,
        2,
        3,
        4,
        5,
        6,
        7,
        8,
        9,
        10,
        11,
        12,
        13,
        14,
        15,
        16,
        17,
        18,
        19,
        -9,
        -8,
        -7,
        -6,
        -5,
        -4,
        -3,
        -2,
        -1,
        0,
        1,
        2
      ]
    },
    {
      "sample": "cpp/0_Introduction/cudaOpenMP",
      "entry": "kernelAddConstant",
      "pass": true,
      "values": 256,
      "maxError": 0,
      "failures": 0,
      "output": [
        -7,
        -6,
        -5,
        -4,
        -3,
        -2,
        -1,
        0,
        1,
        2,
        3,
        4,
        5,
        6,
        7,
        8,
        9,
        10,
        11,
        12,
        13,
        14,
        15,
        16,
        17,
        18,
        19,
        20,
        21,
        -7,
        -6,
        -5,
        -4,
        -3,
        -2,
        -1,
        0,
        1,
        2,
        3,
        4,
        5,
        6,
        7,
        8,
        9,
        10,
        11,
        12,
        13,
        14,
        15,
        16,
        17,
        18,
        19,
        20,
        21,
        -7,
        -6,
        -5,
        -4,
        -3,
        -2,
        -1,
        0,
        1,
        2,
        3,
        4,
        5,
        6,
        7,
        8,
        9,
        10,
        11,
        12,
        13,
        14,
        15,
        16,
        17,
        18,
        19,
        20,
        21,
        -7,
        -6,
        -5,
        -4,
        -3,
        -2,
        -1,
        0,
        1,
        2,
        3,
        4,
        5,
        6,
        7,
        8,
        9,
        10,
        11,
        12,
        13,
        14,
        15,
        16,
        17,
        18,
        19,
        20,
        21,
        -7,
        -6,
        -5,
        -4,
        -3,
        -2,
        -1,
        0,
        1,
        2,
        3,
        4
      ]
    },
    {
      "sample": "cpp/0_Introduction/simpleCallback",
      "entry": "incrementKernel",
      "pass": true,
      "values": 256,
      "maxError": 0,
      "failures": 0,
      "output": [
        -13,
        -12,
        -11,
        -10,
        -9,
        -8,
        -7,
        -6,
        -5,
        -4,
        -3,
        -2,
        -1,
        0,
        1,
        2,
        3,
        4,
        5,
        6,
        7,
        8,
        9,
        10,
        11,
        12,
        13,
        14,
        15,
        -13,
        -12,
        -11,
        -10,
        -9,
        -8,
        -7,
        -6,
        -5,
        -4,
        -3,
        -2,
        -1,
        0,
        1,
        2,
        3,
        4,
        5,
        6,
        7,
        8,
        9,
        10,
        11,
        12,
        13,
        14,
        15,
        -13,
        -12,
        -11,
        -10,
        -9,
        -8,
        -7,
        -6,
        -5,
        -4,
        -3,
        -2,
        -1,
        0,
        1,
        2,
        3,
        4,
        5,
        6,
        7,
        8,
        9,
        10,
        11,
        12,
        13,
        14,
        15,
        -13,
        -12,
        -11,
        -10,
        -9,
        -8,
        -7,
        -6,
        -5,
        -4,
        -3,
        -2,
        -1,
        0,
        1,
        2,
        3,
        4,
        5,
        6,
        7,
        8,
        9,
        10,
        11,
        12,
        13,
        14,
        15,
        -13,
        -12,
        -11,
        -10,
        -9,
        -8,
        -7,
        -6,
        -5,
        -4,
        -3,
        -2
      ]
    },
    {
      "sample": "cpp/0_Introduction/simpleMultiCopy",
      "entry": "incKernel",
      "pass": true,
      "values": 256,
      "maxError": 0,
      "failures": 0,
      "output": [
        -12,
        -11,
        -10,
        -9,
        -8,
        -7,
        -6,
        -5,
        -4,
        -3,
        -2,
        -1,
        0,
        1,
        2,
        3,
        4,
        5,
        6,
        7,
        8,
        9,
        10,
        11,
        12,
        13,
        14,
        15,
        16,
        -12,
        -11,
        -10,
        -9,
        -8,
        -7,
        -6,
        -5,
        -4,
        -3,
        -2,
        -1,
        0,
        1,
        2,
        3,
        4,
        5,
        6,
        7,
        8,
        9,
        10,
        11,
        12,
        13,
        14,
        15,
        16,
        -12,
        -11,
        -10,
        -9,
        -8,
        -7,
        -6,
        -5,
        -4,
        -3,
        -2,
        -1,
        0,
        1,
        2,
        3,
        4,
        5,
        6,
        7,
        8,
        9,
        10,
        11,
        12,
        13,
        14,
        15,
        16,
        -12,
        -11,
        -10,
        -9,
        -8,
        -7,
        -6,
        -5,
        -4,
        -3,
        -2,
        -1,
        0,
        1,
        2,
        3,
        4,
        5,
        6,
        7,
        8,
        9,
        10,
        11,
        12,
        13,
        14,
        15,
        16,
        -12,
        -11,
        -10,
        -9,
        -8,
        -7,
        -6,
        -5,
        -4,
        -3,
        -2,
        -1
      ]
    },
    {
      "sample": "cpp/0_Introduction/simpleP2P",
      "entry": "SimpleKernel",
      "pass": true,
      "values": 256,
      "maxError": 0,
      "failures": 0,
      "output": [
        -3.5,
        -3.25,
        -3,
        -2.75,
        -2.5,
        -2.25,
        -2,
        -1.75,
        -1.5,
        -1.25,
        -1,
        -0.75,
        -0.5,
        -0.25,
        0,
        0.25,
        0.5,
        0.75,
        1,
        1.25,
        1.5,
        1.75,
        2,
        2.25,
        2.5,
        2.75,
        3,
        3.25,
        3.5,
        -3.5,
        -3.25,
        -3,
        -2.75,
        -2.5,
        -2.25,
        -2,
        -1.75,
        -1.5,
        -1.25,
        -1,
        -0.75,
        -0.5,
        -0.25,
        0,
        0.25,
        0.5,
        0.75,
        1,
        1.25,
        1.5,
        1.75,
        2,
        2.25,
        2.5,
        2.75,
        3,
        3.25,
        3.5,
        -3.5,
        -3.25,
        -3,
        -2.75,
        -2.5,
        -2.25,
        -2,
        -1.75,
        -1.5,
        -1.25,
        -1,
        -0.75,
        -0.5,
        -0.25,
        0,
        0.25,
        0.5,
        0.75,
        1,
        1.25,
        1.5,
        1.75,
        2,
        2.25,
        2.5,
        2.75,
        3,
        3.25,
        3.5,
        -3.5,
        -3.25,
        -3,
        -2.75,
        -2.5,
        -2.25,
        -2,
        -1.75,
        -1.5,
        -1.25,
        -1,
        -0.75,
        -0.5,
        -0.25,
        0,
        0.25,
        0.5,
        0.75,
        1,
        1.25,
        1.5,
        1.75,
        2,
        2.25,
        2.5,
        2.75,
        3,
        3.25,
        3.5,
        -3.5,
        -3.25,
        -3,
        -2.75,
        -2.5,
        -2.25,
        -2,
        -1.75,
        -1.5,
        -1.25,
        -1,
        -0.75
      ]
    },
    {
      "sample": "cpp/0_Introduction/simpleStreams",
      "entry": "square_kernel",
      "pass": true,
      "values": 256,
      "maxError": 0,
      "failures": 0,
      "output": [
        3.0625,
        2.640625,
        2.25,
        1.890625,
        1.5625,
        1.265625,
        1,
        0.765625,
        0.5625,
        0.390625,
        0.25,
        0.140625,
        0.0625,
        0.015625,
        0,
        0.015625,
        0.0625,
        0.140625,
        0.25,
        0.390625,
        0.5625,
        0.765625,
        1,
        1.265625,
        1.5625,
        1.890625,
        2.25,
        2.640625,
        3.0625,
        3.0625,
        2.640625,
        2.25,
        1.890625,
        1.5625,
        1.265625,
        1,
        0.765625,
        0.5625,
        0.390625,
        0.25,
        0.140625,
        0.0625,
        0.015625,
        0,
        0.015625,
        0.0625,
        0.140625,
        0.25,
        0.390625,
        0.5625,
        0.765625,
        1,
        1.265625,
        1.5625,
        1.890625,
        2.25,
        2.640625,
        3.0625,
        3.0625,
        2.640625,
        2.25,
        1.890625,
        1.5625,
        1.265625,
        1,
        0.765625,
        0.5625,
        0.390625,
        0.25,
        0.140625,
        0.0625,
        0.015625,
        0,
        0.015625,
        0.0625,
        0.140625,
        0.25,
        0.390625,
        0.5625,
        0.765625,
        1,
        1.265625,
        1.5625,
        1.890625,
        2.25,
        2.640625,
        3.0625,
        3.0625,
        2.640625,
        2.25,
        1.890625,
        1.5625,
        1.265625,
        1,
        0.765625,
        0.5625,
        0.390625,
        0.25,
        0.140625,
        0.0625,
        0.015625,
        0,
        0.015625,
        0.0625,
        0.140625,
        0.25,
        0.390625,
        0.5625,
        0.765625,
        1,
        1.265625,
        1.5625,
        1.890625,
        2.25,
        2.640625,
        3.0625,
        3.0625,
        2.640625,
        2.25,
        1.890625,
        1.5625,
        1.265625,
        1,
        0.765625,
        0.5625,
        0.390625,
        0.25,
        0.140625
      ]
    },
    {
      "sample": "cpp/0_Introduction/simpleZeroCopy",
      "entry": "vectorAddGPU",
      "pass": true,
      "values": 256,
      "maxError": 0,
      "failures": 0,
      "output": [
        -2.5,
        -2.25,
        -2,
        -1.75,
        -1.5,
        -1.25,
        -1,
        -0.75,
        -0.5,
        -0.25,
        0,
        0.25,
        0.5,
        0.75,
        1,
        1.25,
        1.5,
        1.75,
        2,
        2.25,
        2.5,
        2.75,
        3,
        3.25,
        3.5,
        3.75,
        4,
        4.25,
        4.5,
        -2.5,
        -2.25,
        -2,
        -1.75,
        -1.5,
        -1.25,
        -1,
        -0.75,
        -0.5,
        -0.25,
        0,
        0.25,
        0.5,
        0.75,
        1,
        1.25,
        1.5,
        1.75,
        2,
        2.25,
        2.5,
        2.75,
        3,
        3.25,
        3.5,
        3.75,
        4,
        4.25,
        4.5,
        -2.5,
        -2.25,
        -2,
        -1.75,
        -1.5,
        -1.25,
        -1,
        -0.75,
        -0.5,
        -0.25,
        0,
        0.25,
        0.5,
        0.75,
        1,
        1.25,
        1.5,
        1.75,
        2,
        2.25,
        2.5,
        2.75,
        3,
        3.25,
        3.5,
        3.75,
        4,
        4.25,
        4.5,
        -2.5,
        -2.25,
        -2,
        -1.75,
        -1.5,
        -1.25,
        -1,
        -0.75,
        -0.5,
        -0.25,
        0,
        0.25,
        0.5,
        0.75,
        1,
        1.25,
        1.5,
        1.75,
        2,
        2.25,
        2.5,
        2.75,
        3,
        3.25,
        3.5,
        3.75,
        4,
        4.25,
        4.5,
        -2.5,
        -2.25,
        -2,
        -1.75,
        -1.5,
        -1.25,
        -1,
        -0.75,
        -0.5,
        -0.25,
        0,
        0.25
      ]
    },
    {
      "sample": "cpp/0_Introduction/vectorAdd",
      "entry": "vecAdd",
      "pass": true,
      "values": 256,
      "maxError": 0,
      "failures": 0,
      "output": [
        -2.5,
        -2.25,
        -2,
        -1.75,
        -1.5,
        -1.25,
        -1,
        -0.75,
        -0.5,
        -0.25,
        0,
        0.25,
        0.5,
        0.75,
        1,
        1.25,
        1.5,
        1.75,
        2,
        2.25,
        2.5,
        2.75,
        3,
        3.25,
        3.5,
        3.75,
        4,
        4.25,
        4.5,
        -2.5,
        -2.25,
        -2,
        -1.75,
        -1.5,
        -1.25,
        -1,
        -0.75,
        -0.5,
        -0.25,
        0,
        0.25,
        0.5,
        0.75,
        1,
        1.25,
        1.5,
        1.75,
        2,
        2.25,
        2.5,
        2.75,
        3,
        3.25,
        3.5,
        3.75,
        4,
        4.25,
        4.5,
        -2.5,
        -2.25,
        -2,
        -1.75,
        -1.5,
        -1.25,
        -1,
        -0.75,
        -0.5,
        -0.25,
        0,
        0.25,
        0.5,
        0.75,
        1,
        1.25,
        1.5,
        1.75,
        2,
        2.25,
        2.5,
        2.75,
        3,
        3.25,
        3.5,
        3.75,
        4,
        4.25,
        4.5,
        -2.5,
        -2.25,
        -2,
        -1.75,
        -1.5,
        -1.25,
        -1,
        -0.75,
        -0.5,
        -0.25,
        0,
        0.25,
        0.5,
        0.75,
        1,
        1.25,
        1.5,
        1.75,
        2,
        2.25,
        2.5,
        2.75,
        3,
        3.25,
        3.5,
        3.75,
        4,
        4.25,
        4.5,
        -2.5,
        -2.25,
        -2,
        -1.75,
        -1.5,
        -1.25,
        -1,
        -0.75,
        -0.5,
        -0.25,
        0,
        0.25
      ]
    },
    {
      "sample": "cpp/2_Concepts_and_Techniques/streamOrderedAllocation",
      "entry": "vectorAddGPU",
      "pass": true,
      "values": 256,
      "maxError": 0,
      "failures": 0,
      "output": [
        -2.5,
        -2.25,
        -2,
        -1.75,
        -1.5,
        -1.25,
        -1,
        -0.75,
        -0.5,
        -0.25,
        0,
        0.25,
        0.5,
        0.75,
        1,
        1.25,
        1.5,
        1.75,
        2,
        2.25,
        2.5,
        2.75,
        3,
        3.25,
        3.5,
        3.75,
        4,
        4.25,
        4.5,
        -2.5,
        -2.25,
        -2,
        -1.75,
        -1.5,
        -1.25,
        -1,
        -0.75,
        -0.5,
        -0.25,
        0,
        0.25,
        0.5,
        0.75,
        1,
        1.25,
        1.5,
        1.75,
        2,
        2.25,
        2.5,
        2.75,
        3,
        3.25,
        3.5,
        3.75,
        4,
        4.25,
        4.5,
        -2.5,
        -2.25,
        -2,
        -1.75,
        -1.5,
        -1.25,
        -1,
        -0.75,
        -0.5,
        -0.25,
        0,
        0.25,
        0.5,
        0.75,
        1,
        1.25,
        1.5,
        1.75,
        2,
        2.25,
        2.5,
        2.75,
        3,
        3.25,
        3.5,
        3.75,
        4,
        4.25,
        4.5,
        -2.5,
        -2.25,
        -2,
        -1.75,
        -1.5,
        -1.25,
        -1,
        -0.75,
        -0.5,
        -0.25,
        0,
        0.25,
        0.5,
        0.75,
        1,
        1.25,
        1.5,
        1.75,
        2,
        2.25,
        2.5,
        2.75,
        3,
        3.25,
        3.5,
        3.75,
        4,
        4.25,
        4.5,
        -2.5,
        -2.25,
        -2,
        -1.75,
        -1.5,
        -1.25,
        -1,
        -0.75,
        -0.5,
        -0.25,
        0,
        0.25
      ]
    },
    {
      "sample": "cpp/2_Concepts_and_Techniques/streamOrderedAllocationP2P",
      "entry": "copyP2PAndScale",
      "pass": true,
      "values": 256,
      "maxError": 0,
      "failures": 0,
      "output": [
        -28,
        -26,
        -24,
        -22,
        -20,
        -18,
        -16,
        -14,
        -12,
        -10,
        -8,
        -6,
        -4,
        -2,
        0,
        2,
        4,
        6,
        8,
        10,
        12,
        14,
        16,
        18,
        20,
        22,
        24,
        26,
        28,
        -28,
        -26,
        -24,
        -22,
        -20,
        -18,
        -16,
        -14,
        -12,
        -10,
        -8,
        -6,
        -4,
        -2,
        0,
        2,
        4,
        6,
        8,
        10,
        12,
        14,
        16,
        18,
        20,
        22,
        24,
        26,
        28,
        -28,
        -26,
        -24,
        -22,
        -20,
        -18,
        -16,
        -14,
        -12,
        -10,
        -8,
        -6,
        -4,
        -2,
        0,
        2,
        4,
        6,
        8,
        10,
        12,
        14,
        16,
        18,
        20,
        22,
        24,
        26,
        28,
        -28,
        -26,
        -24,
        -22,
        -20,
        -18,
        -16,
        -14,
        -12,
        -10,
        -8,
        -6,
        -4,
        -2,
        0,
        2,
        4,
        6,
        8,
        10,
        12,
        14,
        16,
        18,
        20,
        22,
        24,
        26,
        28,
        -28,
        -26,
        -24,
        -22,
        -20,
        -18,
        -16,
        -14,
        -12,
        -10,
        -8,
        -6
      ]
    },
    {
      "sample": "cpp/3_CUDA_Features/dmabufInterop",
      "entry": "writePatternKernel",
      "pass": true,
      "values": 256,
      "maxError": 0,
      "failures": 0,
      "output": [
        19,
        20,
        21,
        22,
        23,
        24,
        25,
        26,
        27,
        28,
        29,
        30,
        31,
        32,
        33,
        34,
        35,
        36,
        37,
        38,
        39,
        40,
        41,
        42,
        43,
        44,
        45,
        46,
        47,
        48,
        49,
        50,
        51,
        52,
        53,
        54,
        55,
        56,
        57,
        58,
        59,
        60,
        61,
        62,
        63,
        64,
        65,
        66,
        67,
        68,
        69,
        70,
        71,
        72,
        73,
        74,
        75,
        76,
        77,
        78,
        79,
        80,
        81,
        82,
        83,
        84,
        85,
        86,
        87,
        88,
        89,
        90,
        91,
        92,
        93,
        94,
        95,
        96,
        97,
        98,
        99,
        100,
        101,
        102,
        103,
        104,
        105,
        106,
        107,
        108,
        109,
        110,
        111,
        112,
        113,
        114,
        115,
        116,
        117,
        118,
        119,
        120,
        121,
        122,
        123,
        124,
        125,
        126,
        127,
        128,
        129,
        130,
        131,
        132,
        133,
        134,
        135,
        136,
        137,
        138,
        139,
        140,
        141,
        142,
        143,
        144,
        145,
        146
      ]
    },
    {
      "sample": "cpp/4_CUDA_Libraries/oceanFFT",
      "entry": "updateHeightmapKernel",
      "pass": true,
      "values": 1024,
      "maxError": 0,
      "failures": 0,
      "output": [
        -0.75,
        0.5,
        -0.25,
        0,
        0.25,
        -0.5,
        0.75,
        -1,
        1.25,
        -1.5,
        1.75,
        -2,
        2.25,
        -2.5,
        2.75,
        0.625,
        -0.375,
        0.125,
        0.125,
        -0.375,
        0.625,
        -0.875,
        1.125,
        -1.375,
        1.625,
        -1.875,
        2.125,
        -2.375,
        2.625,
        0.75,
        -0.5,
        0.25,
        0,
        0.25,
        -0.5,
        0.75,
        -1,
        1.25,
        -1.5,
        1.75,
        -2,
        2.25,
        -2.5,
        2.75,
        0.625,
        -0.375,
        0.125,
        0.125,
        -0.375,
        0.625,
        -0.875,
        1.125,
        -1.375,
        1.625,
        -1.875,
        2.125,
        -2.375,
        2.625,
        0.75,
        -0.5,
        0.25,
        0,
        -0.25,
        0.5,
        0.75,
        -1,
        1.25,
        -1.5,
        1.75,
        -2,
        2.25,
        -2.5,
        2.75,
        0.625,
        -0.375,
        0.125,
        0.125,
        -0.375,
        0.625,
        -0.875,
        1.125,
        -1.375,
        1.625,
        -1.875,
        2.125,
        -2.375,
        2.625,
        0.75,
        -0.5,
        0.25,
        0,
        -0.25,
        0.5,
        -0.75,
        1,
        -1.25,
        -1.5,
        1.75,
        -2,
        2.25,
        -2.5,
        2.75,
        0.625,
        -0.375,
        0.125,
        0.125,
        -0.375,
        0.625,
        -0.875,
        1.125,
        -1.375,
        1.625,
        -1.875,
        2.125,
        -2.375,
        2.625,
        0.75,
        -0.5,
        0.25,
        0,
        -0.25,
        0.5,
        -0.75,
        1,
        -1.25,
        1.5,
        -1.75,
        2
      ]
    },
    {
      "sample": "cpp/4_CUDA_Libraries/oceanFFT",
      "entry": "updateHeightmapKernel_y",
      "pass": true,
      "values": 1024,
      "maxError": 0,
      "failures": 0,
      "output": [
        -0.625,
        0.375,
        -0.125,
        -0.125,
        0.375,
        -0.625,
        0.875,
        -1.125,
        1.375,
        -1.625,
        1.875,
        -2.125,
        2.375,
        -2.625,
        -0.75,
        0.5,
        -0.25,
        0,
        0.25,
        -0.5,
        0.75,
        -1,
        1.25,
        -1.5,
        1.75,
        -2,
        2.25,
        -2.5,
        2.75,
        0.625,
        -0.375,
        0.125,
        -0.125,
        0.375,
        -0.625,
        0.875,
        -1.125,
        1.375,
        -1.625,
        1.875,
        -2.125,
        2.375,
        -2.625,
        -0.75,
        0.5,
        -0.25,
        0,
        0.25,
        -0.5,
        0.75,
        -1,
        1.25,
        -1.5,
        1.75,
        -2,
        2.25,
        -2.5,
        2.75,
        0.625,
        -0.375,
        0.125,
        0.125,
        -0.375,
        0.625,
        0.875,
        -1.125,
        1.375,
        -1.625,
        1.875,
        -2.125,
        2.375,
        -2.625,
        -0.75,
        0.5,
        -0.25,
        0,
        0.25,
        -0.5,
        0.75,
        -1,
        1.25,
        -1.5,
        1.75,
        -2,
        2.25,
        -2.5,
        2.75,
        0.625,
        -0.375,
        0.125,
        0.125,
        -0.375,
        0.625,
        -0.875,
        1.125,
        -1.375,
        -1.625,
        1.875,
        -2.125,
        2.375,
        -2.625,
        -0.75,
        0.5,
        -0.25,
        0,
        0.25,
        -0.5,
        0.75,
        -1,
        1.25,
        -1.5,
        1.75,
        -2,
        2.25,
        -2.5,
        2.75,
        0.625,
        -0.375,
        0.125,
        0.125,
        -0.375,
        0.625,
        -0.875,
        1.125,
        -1.375,
        1.625,
        -1.875,
        2.125
      ]
    },
    {
      "sample": "cpp/4_CUDA_Libraries/oceanFFT",
      "entry": "calculateSlopeKernel",
      "pass": true,
      "values": 2048,
      "maxError": 0,
      "failures": 0,
      "output": [
        0,
        0,
        0,
        0,
        0,
        0,
        0,
        0,
        0,
        0,
        0,
        0,
        0,
        0,
        0,
        0,
        0,
        0,
        0,
        0,
        0,
        0,
        0,
        0,
        0,
        0,
        0,
        0,
        0,
        0,
        0,
        0,
        0,
        0,
        0,
        0,
        0,
        0,
        0,
        0,
        0,
        0,
        0,
        0,
        0,
        0,
        0,
        0,
        0,
        0,
        0,
        0,
        0,
        0,
        0,
        0,
        0,
        0,
        0,
        0,
        0,
        0,
        0,
        0,
        0,
        0,
        0.25,
        0.75,
        0.25,
        0.75,
        0.25,
        0.75,
        0.25,
        0.75,
        0.25,
        0.75,
        0.25,
        0.75,
        0.25,
        0.75,
        0.25,
        0.75,
        0.25,
        0.75,
        0.25,
        0.75,
        0.25,
        0.75,
        0.25,
        0.75,
        0.25,
        0.75,
        0.25,
        0.75,
        0.25,
        0.75,
        0.25,
        0.75,
        0.25,
        0.75,
        0.25,
        0.75,
        0.25,
        0.75,
        0.25,
        0.75,
        0.25,
        0.75,
        0.25,
        0.75,
        0.25,
        -2.875,
        0.25,
        -2.875,
        -3.375,
        -2.875,
        -3.375,
        -2.875,
        0.25,
        -2.875,
        0.25,
        -2.875,
        0.25,
        0.75,
        0.25,
        0.75,
        0,
        0
      ]
    },
    {
      "sample": "cpp/5_Domain_Specific/HSOpticalFlow",
      "entry": "AddKernel",
      "pass": true,
      "values": 256,
      "maxError": 0,
      "failures": 0,
      "output": [
        -2.5,
        -2.25,
        -2,
        -1.75,
        -1.5,
        -1.25,
        -1,
        -0.75,
        -0.5,
        -0.25,
        0,
        0.25,
        0.5,
        0.75,
        1,
        1.25,
        1.5,
        1.75,
        2,
        2.25,
        2.5,
        2.75,
        3,
        3.25,
        3.5,
        3.75,
        4,
        4.25,
        4.5,
        -2.5,
        -2.25,
        -2,
        -1.75,
        -1.5,
        -1.25,
        -1,
        -0.75,
        -0.5,
        -0.25,
        0,
        0.25,
        0.5,
        0.75,
        1,
        1.25,
        1.5,
        1.75,
        2,
        2.25,
        2.5,
        2.75,
        3,
        3.25,
        3.5,
        3.75,
        4,
        4.25,
        4.5,
        -2.5,
        -2.25,
        -2,
        -1.75,
        -1.5,
        -1.25,
        -1,
        -0.75,
        -0.5,
        -0.25,
        0,
        0.25,
        0.5,
        0.75,
        1,
        1.25,
        1.5,
        1.75,
        2,
        2.25,
        2.5,
        2.75,
        3,
        3.25,
        3.5,
        3.75,
        4,
        4.25,
        4.5,
        -2.5,
        -2.25,
        -2,
        -1.75,
        -1.5,
        -1.25,
        -1,
        -0.75,
        -0.5,
        -0.25,
        0,
        0.25,
        0.5,
        0.75,
        1,
        1.25,
        1.5,
        1.75,
        2,
        2.25,
        2.5,
        2.75,
        3,
        3.25,
        3.5,
        3.75,
        4,
        4.25,
        4.5,
        -2.5,
        -2.25,
        -2,
        -1.75,
        -1.5,
        -1.25,
        -1,
        -0.75,
        -0.5,
        -0.25,
        0,
        0.25
      ]
    },
    {
      "sample": "cpp/5_Domain_Specific/simpleGL",
      "entry": "simple_vbo_kernel",
      "pass": true,
      "values": 4096,
      "maxError": 2.682209014892578e-7,
      "failures": 0,
      "output": [
        -1,
        -0.20577006042003632,
        -1,
        1,
        -0.9375,
        -0.10239553451538086,
        -1,
        1,
        -0.875,
        0.007345364894717932,
        -1,
        1,
        -0.8125,
        0.11662966758012772,
        -1,
        1,
        -0.75,
        0.21866261959075928,
        -1,
        1,
        -0.6875,
        0.3071000874042511,
        -1,
        1,
        -0.625,
        0.3764435648918152,
        -1,
        1,
        -0.5625,
        0.42238160967826843,
        -1,
        1,
        -0.5,
        0.4420580267906189,
        -1,
        1,
        -0.4375,
        0.4342494606971741,
        -1,
        1,
        -0.375,
        0.39944127202033997,
        -1,
        1,
        -0.3125,
        0.3397977948188782,
        -1,
        1,
        -0.25,
        0.25902727246284485,
        -1,
        1,
        -0.1875,
        0.16215184330940247,
        -1,
        1,
        -0.125,
        0.05519452691078186,
        -1,
        1,
        -0.0625,
        -0.05519452691078186,
        -1,
        1,
        0,
        -0.16215184330940247,
        -1,
        1,
        0.0625,
        -0.25902727246284485,
        -1,
        1,
        0.125,
        -0.3397977948188782,
        -1,
        1,
        0.1875,
        -0.39944127202033997,
        -1,
        1,
        0.25,
        -0.4342494606971741,
        -1,
        1,
        0.3125,
        -0.4420580267906189,
        -1,
        1,
        0.375,
        -0.42238160967826843,
        -1,
        1,
        0.4375,
        -0.3764435648918152,
        -1,
        1,
        0.5,
        -0.3071000874042511,
        -1,
        1,
        0.5625,
        -0.21866261959075928,
        -1,
        1,
        0.625,
        -0.11662966758012772,
        -1,
        1,
        0.6875,
        -0.007345364894717932,
        -1,
        1,
        0.75,
        0.10239553451538086,
        -1,
        1,
        0.8125,
        0.20577006042003632,
        -1,
        1,
        0.875,
        0.2963508069515228,
        -1,
        1,
        0.9375,
        0.3685060739517212,
        -1,
        1
      ]
    },
    {
      "sample": "cpp/8_Platform_Specific/Tegra/simpleGLES",
      "entry": "simple_vbo_kernel",
      "pass": true,
      "values": 4096,
      "maxError": 2.682209014892578e-7,
      "failures": 0,
      "output": [
        -1,
        -0.20577006042003632,
        -1,
        1,
        -0.9375,
        -0.10239553451538086,
        -1,
        1,
        -0.875,
        0.007345364894717932,
        -1,
        1,
        -0.8125,
        0.11662966758012772,
        -1,
        1,
        -0.75,
        0.21866261959075928,
        -1,
        1,
        -0.6875,
        0.3071000874042511,
        -1,
        1,
        -0.625,
        0.3764435648918152,
        -1,
        1,
        -0.5625,
        0.42238160967826843,
        -1,
        1,
        -0.5,
        0.4420580267906189,
        -1,
        1,
        -0.4375,
        0.4342494606971741,
        -1,
        1,
        -0.375,
        0.39944127202033997,
        -1,
        1,
        -0.3125,
        0.3397977948188782,
        -1,
        1,
        -0.25,
        0.25902727246284485,
        -1,
        1,
        -0.1875,
        0.16215184330940247,
        -1,
        1,
        -0.125,
        0.05519452691078186,
        -1,
        1,
        -0.0625,
        -0.05519452691078186,
        -1,
        1,
        0,
        -0.16215184330940247,
        -1,
        1,
        0.0625,
        -0.25902727246284485,
        -1,
        1,
        0.125,
        -0.3397977948188782,
        -1,
        1,
        0.1875,
        -0.39944127202033997,
        -1,
        1,
        0.25,
        -0.4342494606971741,
        -1,
        1,
        0.3125,
        -0.4420580267906189,
        -1,
        1,
        0.375,
        -0.42238160967826843,
        -1,
        1,
        0.4375,
        -0.3764435648918152,
        -1,
        1,
        0.5,
        -0.3071000874042511,
        -1,
        1,
        0.5625,
        -0.21866261959075928,
        -1,
        1,
        0.625,
        -0.11662966758012772,
        -1,
        1,
        0.6875,
        -0.007345364894717932,
        -1,
        1,
        0.75,
        0.10239553451538086,
        -1,
        1,
        0.8125,
        0.20577006042003632,
        -1,
        1,
        0.875,
        0.2963508069515228,
        -1,
        1,
        0.9375,
        0.3685060739517212,
        -1,
        1
      ]
    },
    {
      "sample": "cpp/8_Platform_Specific/Tegra/simpleGLES_EGLOutput",
      "entry": "simple_vbo_kernel",
      "pass": true,
      "values": 4096,
      "maxError": 2.682209014892578e-7,
      "failures": 0,
      "output": [
        -1,
        -0.20577006042003632,
        -1,
        1,
        -0.9375,
        -0.10239553451538086,
        -1,
        1,
        -0.875,
        0.007345364894717932,
        -1,
        1,
        -0.8125,
        0.11662966758012772,
        -1,
        1,
        -0.75,
        0.21866261959075928,
        -1,
        1,
        -0.6875,
        0.3071000874042511,
        -1,
        1,
        -0.625,
        0.3764435648918152,
        -1,
        1,
        -0.5625,
        0.42238160967826843,
        -1,
        1,
        -0.5,
        0.4420580267906189,
        -1,
        1,
        -0.4375,
        0.4342494606971741,
        -1,
        1,
        -0.375,
        0.39944127202033997,
        -1,
        1,
        -0.3125,
        0.3397977948188782,
        -1,
        1,
        -0.25,
        0.25902727246284485,
        -1,
        1,
        -0.1875,
        0.16215184330940247,
        -1,
        1,
        -0.125,
        0.05519452691078186,
        -1,
        1,
        -0.0625,
        -0.05519452691078186,
        -1,
        1,
        0,
        -0.16215184330940247,
        -1,
        1,
        0.0625,
        -0.25902727246284485,
        -1,
        1,
        0.125,
        -0.3397977948188782,
        -1,
        1,
        0.1875,
        -0.39944127202033997,
        -1,
        1,
        0.25,
        -0.4342494606971741,
        -1,
        1,
        0.3125,
        -0.4420580267906189,
        -1,
        1,
        0.375,
        -0.42238160967826843,
        -1,
        1,
        0.4375,
        -0.3764435648918152,
        -1,
        1,
        0.5,
        -0.3071000874042511,
        -1,
        1,
        0.5625,
        -0.21866261959075928,
        -1,
        1,
        0.625,
        -0.11662966758012772,
        -1,
        1,
        0.6875,
        -0.007345364894717932,
        -1,
        1,
        0.75,
        0.10239553451538086,
        -1,
        1,
        0.8125,
        0.20577006042003632,
        -1,
        1,
        0.875,
        0.2963508069515228,
        -1,
        1,
        0.9375,
        0.3685060739517212,
        -1,
        1
      ]
    }
  ]
}
